Archive member included because of file (symbol)

e:/nti/tools/eclipse/sdk_win_64/sdk_win_64/winavr/bin/../lib/gcc/avr/4.3.3/avr5\libgcc.a(_exit.o)
                              e:/nti/tools/eclipse/sdk_win_64/sdk_win_64/winavr/bin/../lib/gcc/avr/4.3.3/../../../../avr/lib/avr5/crtm16.o (exit)
e:/nti/tools/eclipse/sdk_win_64/sdk_win_64/winavr/bin/../lib/gcc/avr/4.3.3/avr5\libgcc.a(_clear_bss.o)
                              ./EXTINT_program.o (__do_clear_bss)

Memory Configuration

Name             Origin             Length             Attributes
text             0x00000000         0x00020000         xr
data             0x00800060         0x0000ffa0         rw !x
eeprom           0x00810000         0x00010000         rw !x
fuse             0x00820000         0x00000400         rw !x
lock             0x00830000         0x00000400         rw !x
signature        0x00840000         0x00000400         rw !x
*default*        0x00000000         0xffffffff

Linker script and memory map

LOAD e:/nti/tools/eclipse/sdk_win_64/sdk_win_64/winavr/bin/../lib/gcc/avr/4.3.3/../../../../avr/lib/avr5/crtm16.o
LOAD ./DIO/DIO_program.o
LOAD ./EXTINT_program.o
LOAD ./GIE_program.o
LOAD ./main.o
LOAD e:/nti/tools/eclipse/sdk_win_64/sdk_win_64/winavr/bin/../lib/gcc/avr/4.3.3/avr5\libgcc.a
LOAD e:/nti/tools/eclipse/sdk_win_64/sdk_win_64/winavr/bin/../lib/gcc/avr/4.3.3/../../../../avr/lib/avr5\libc.a
LOAD e:/nti/tools/eclipse/sdk_win_64/sdk_win_64/winavr/bin/../lib/gcc/avr/4.3.3/avr5\libgcc.a

.hash
 *(.hash)

.dynsym
 *(.dynsym)

.dynstr
 *(.dynstr)

.gnu.version
 *(.gnu.version)

.gnu.version_d
 *(.gnu.version_d)

.gnu.version_r
 *(.gnu.version_r)

.rel.init
 *(.rel.init)

.rela.init
 *(.rela.init)

.rel.text
 *(.rel.text)
 *(.rel.text.*)
 *(.rel.gnu.linkonce.t*)

.rela.text
 *(.rela.text)
 *(.rela.text.*)
 *(.rela.gnu.linkonce.t*)

.rel.fini
 *(.rel.fini)

.rela.fini
 *(.rela.fini)

.rel.rodata
 *(.rel.rodata)
 *(.rel.rodata.*)
 *(.rel.gnu.linkonce.r*)

.rela.rodata
 *(.rela.rodata)
 *(.rela.rodata.*)
 *(.rela.gnu.linkonce.r*)

.rel.data
 *(.rel.data)
 *(.rel.data.*)
 *(.rel.gnu.linkonce.d*)

.rela.data
 *(.rela.data)
 *(.rela.data.*)
 *(.rela.gnu.linkonce.d*)

.rel.ctors
 *(.rel.ctors)

.rela.ctors
 *(.rela.ctors)

.rel.dtors
 *(.rel.dtors)

.rela.dtors
 *(.rela.dtors)

.rel.got
 *(.rel.got)

.rela.got
 *(.rela.got)

.rel.bss
 *(.rel.bss)

.rela.bss
 *(.rela.bss)

.rel.plt
 *(.rel.plt)

.rela.plt
 *(.rela.plt)

.text           0x00000000      0xcba
 *(.vectors)
 .vectors       0x00000000       0x54 e:/nti/tools/eclipse/sdk_win_64/sdk_win_64/winavr/bin/../lib/gcc/avr/4.3.3/../../../../avr/lib/avr5/crtm16.o
                0x00000000                __vectors
                0x00000000                __vector_default
 *(.vectors)
 *(.progmem.gcc*)
 *(.progmem*)
                0x00000054                . = ALIGN (0x2)
                0x00000054                __trampolines_start = .
 *(.trampolines)
 .trampolines   0x00000054        0x0 linker stubs
 *(.trampolines*)
                0x00000054                __trampolines_end = .
 *(.jumptables)
 *(.jumptables*)
 *(.lowtext)
 *(.lowtext*)
                0x00000054                __ctors_start = .
 *(.ctors)
                0x00000054                __ctors_end = .
                0x00000054                __dtors_start = .
 *(.dtors)
                0x00000054                __dtors_end = .
 SORT(*)(.ctors)
 SORT(*)(.dtors)
 *(.init0)
 .init0         0x00000054        0x0 e:/nti/tools/eclipse/sdk_win_64/sdk_win_64/winavr/bin/../lib/gcc/avr/4.3.3/../../../../avr/lib/avr5/crtm16.o
                0x00000054                __init
 *(.init0)
 *(.init1)
 *(.init1)
 *(.init2)
 .init2         0x00000054        0xc e:/nti/tools/eclipse/sdk_win_64/sdk_win_64/winavr/bin/../lib/gcc/avr/4.3.3/../../../../avr/lib/avr5/crtm16.o
 *(.init2)
 *(.init3)
 *(.init3)
 *(.init4)
 .init4         0x00000060       0x10 e:/nti/tools/eclipse/sdk_win_64/sdk_win_64/winavr/bin/../lib/gcc/avr/4.3.3/avr5\libgcc.a(_clear_bss.o)
                0x00000060                __do_clear_bss
 *(.init4)
 *(.init5)
 *(.init5)
 *(.init6)
 *(.init6)
 *(.init7)
 *(.init7)
 *(.init8)
 *(.init8)
 *(.init9)
 .init9         0x00000070        0x8 e:/nti/tools/eclipse/sdk_win_64/sdk_win_64/winavr/bin/../lib/gcc/avr/4.3.3/../../../../avr/lib/avr5/crtm16.o
 *(.init9)
 *(.text)
 .text          0x00000078        0x4 e:/nti/tools/eclipse/sdk_win_64/sdk_win_64/winavr/bin/../lib/gcc/avr/4.3.3/../../../../avr/lib/avr5/crtm16.o
                0x00000078                __vector_1
                0x00000078                __vector_12
                0x00000078                __bad_interrupt
                0x00000078                __vector_6
                0x00000078                __vector_3
                0x00000078                __vector_11
                0x00000078                __vector_13
                0x00000078                __vector_17
                0x00000078                __vector_19
                0x00000078                __vector_7
                0x00000078                __vector_5
                0x00000078                __vector_4
                0x00000078                __vector_9
                0x00000078                __vector_15
                0x00000078                __vector_8
                0x00000078                __vector_14
                0x00000078                __vector_10
                0x00000078                __vector_16
                0x00000078                __vector_18
                0x00000078                __vector_20
 .text          0x0000007c        0x0 ./DIO/DIO_program.o
 .text          0x0000007c        0x0 ./EXTINT_program.o
 .text          0x0000007c        0x0 ./GIE_program.o
 .text          0x0000007c        0x0 ./main.o
 .text          0x0000007c        0x0 e:/nti/tools/eclipse/sdk_win_64/sdk_win_64/winavr/bin/../lib/gcc/avr/4.3.3/avr5\libgcc.a(_exit.o)
 .text          0x0000007c        0x0 e:/nti/tools/eclipse/sdk_win_64/sdk_win_64/winavr/bin/../lib/gcc/avr/4.3.3/avr5\libgcc.a(_clear_bss.o)
                0x0000007c                . = ALIGN (0x2)
 *(.text.*)
 .text.DIO_SetPinDirection
                0x0000007c      0x3ae ./DIO/DIO_program.o
                0x0000007c                DIO_SetPinDirection
 .text.DIO_SetPortDirection
                0x0000042a       0x90 ./DIO/DIO_program.o
                0x0000042a                DIO_SetPortDirection
 .text.DIO_SetPinValue
                0x000004ba      0x21e ./DIO/DIO_program.o
                0x000004ba                DIO_SetPinValue
 .text.DIO_SetPortValue
                0x000006d8       0x90 ./DIO/DIO_program.o
                0x000006d8                DIO_SetPortValue
 .text.DIO_GetPinValue
                0x00000768      0x192 ./DIO/DIO_program.o
                0x00000768                DIO_GetPinValue
 .text.EXTINT_Int1Init
                0x000008fa       0xf6 ./EXTINT_program.o
                0x000008fa                EXTINT_Int1Init
 .text.EXTINT_Int0Init
                0x000009f0       0xf6 ./EXTINT_program.o
                0x000009f0                EXTINT_Int0Init
 .text.EXTINT_Int2Init
                0x00000ae6       0x64 ./EXTINT_program.o
                0x00000ae6                EXTINT_Int2Init
 .text.EXTINT_Disable
                0x00000b4a       0x70 ./EXTINT_program.o
                0x00000b4a                EXTINT_Disable
 .text.EXTINT1_CallBack
                0x00000bba       0x2c ./EXTINT_program.o
                0x00000bba                EXTINT1_CallBack
 .text.__vector_2
                0x00000be6       0x5a ./EXTINT_program.o
                0x00000be6                __vector_2
 .text.GIE_Enable
                0x00000c40       0x1c ./GIE_program.o
                0x00000c40                GIE_Enable
 .text.GIE_Disable
                0x00000c5c       0x1c ./GIE_program.o
                0x00000c5c                GIE_Disable
 .text.Led_ON   0x00000c78       0x18 ./main.o
                0x00000c78                Led_ON
 .text.main     0x00000c90       0x26 ./main.o
                0x00000c90                main
 .text.libgcc   0x00000cb6        0x0 e:/nti/tools/eclipse/sdk_win_64/sdk_win_64/winavr/bin/../lib/gcc/avr/4.3.3/avr5\libgcc.a(_exit.o)
 .text.libgcc   0x00000cb6        0x0 e:/nti/tools/eclipse/sdk_win_64/sdk_win_64/winavr/bin/../lib/gcc/avr/4.3.3/avr5\libgcc.a(_clear_bss.o)
                0x00000cb6                . = ALIGN (0x2)
 *(.fini9)
 .fini9         0x00000cb6        0x0 e:/nti/tools/eclipse/sdk_win_64/sdk_win_64/winavr/bin/../lib/gcc/avr/4.3.3/avr5\libgcc.a(_exit.o)
                0x00000cb6                exit
                0x00000cb6                _exit
 *(.fini9)
 *(.fini8)
 *(.fini8)
 *(.fini7)
 *(.fini7)
 *(.fini6)
 *(.fini6)
 *(.fini5)
 *(.fini5)
 *(.fini4)
 *(.fini4)
 *(.fini3)
 *(.fini3)
 *(.fini2)
 *(.fini2)
 *(.fini1)
 *(.fini1)
 *(.fini0)
 .fini0         0x00000cb6        0x4 e:/nti/tools/eclipse/sdk_win_64/sdk_win_64/winavr/bin/../lib/gcc/avr/4.3.3/avr5\libgcc.a(_exit.o)
 *(.fini0)
                0x00000cba                _etext = .

.data           0x00800060        0x0 load address 0x00000cba
                0x00800060                PROVIDE (__data_start, .)
 *(.data)
 .data          0x00800060        0x0 e:/nti/tools/eclipse/sdk_win_64/sdk_win_64/winavr/bin/../lib/gcc/avr/4.3.3/../../../../avr/lib/avr5/crtm16.o
 .data          0x00800060        0x0 ./DIO/DIO_program.o
 .data          0x00800060        0x0 ./EXTINT_program.o
 .data          0x00800060        0x0 ./GIE_program.o
 .data          0x00800060        0x0 ./main.o
 .data          0x00800060        0x0 e:/nti/tools/eclipse/sdk_win_64/sdk_win_64/winavr/bin/../lib/gcc/avr/4.3.3/avr5\libgcc.a(_exit.o)
 .data          0x00800060        0x0 e:/nti/tools/eclipse/sdk_win_64/sdk_win_64/winavr/bin/../lib/gcc/avr/4.3.3/avr5\libgcc.a(_clear_bss.o)
 *(.data*)
 *(.rodata)
 *(.rodata*)
 *(.gnu.linkonce.d*)
                0x00800060                . = ALIGN (0x2)
                0x00800060                _edata = .
                0x00800060                PROVIDE (__data_end, .)

.bss            0x00800060        0x2
                0x00800060                PROVIDE (__bss_start, .)
 *(.bss)
 .bss           0x00800060        0x0 e:/nti/tools/eclipse/sdk_win_64/sdk_win_64/winavr/bin/../lib/gcc/avr/4.3.3/../../../../avr/lib/avr5/crtm16.o
 .bss           0x00800060        0x0 ./DIO/DIO_program.o
 .bss           0x00800060        0x0 ./EXTINT_program.o
 .bss           0x00800060        0x0 ./GIE_program.o
 .bss           0x00800060        0x0 ./main.o
 .bss           0x00800060        0x0 e:/nti/tools/eclipse/sdk_win_64/sdk_win_64/winavr/bin/../lib/gcc/avr/4.3.3/avr5\libgcc.a(_exit.o)
 .bss           0x00800060        0x0 e:/nti/tools/eclipse/sdk_win_64/sdk_win_64/winavr/bin/../lib/gcc/avr/4.3.3/avr5\libgcc.a(_clear_bss.o)
 *(.bss*)
 .bss.GlobalFuncP
                0x00800060        0x2 ./EXTINT_program.o
                0x00800060                GlobalFuncP
 *(COMMON)
                0x00800062                PROVIDE (__bss_end, .)
                0x00000cba                __data_load_start = LOADADDR (.data)
                0x00000cba                __data_load_end = (__data_load_start + SIZEOF (.data))

.noinit         0x00800062        0x0
                0x00800062                PROVIDE (__noinit_start, .)
 *(.noinit*)
                0x00800062                PROVIDE (__noinit_end, .)
                0x00800062                _end = .
                0x00800062                PROVIDE (__heap_start, .)

.eeprom         0x00810000        0x0
 *(.eeprom*)
                0x00810000                __eeprom_end = .

.fuse
 *(.fuse)
 *(.lfuse)
 *(.hfuse)
 *(.efuse)

.lock
 *(.lock*)

.signature
 *(.signature*)

.stab           0x00000000      0xe88
 *(.stab)
 .stab          0x00000000      0x738 ./DIO/DIO_program.o
 .stab          0x00000738      0x498 ./EXTINT_program.o
                                0x4d4 (size before relaxing)
 .stab          0x00000bd0      0x144 ./GIE_program.o
                                0x1e0 (size before relaxing)
 .stab          0x00000d14      0x174 ./main.o
                                0x264 (size before relaxing)

.stabstr        0x00000000      0x6de
 *(.stabstr)
 .stabstr       0x00000000      0x6de ./DIO/DIO_program.o

.stab.excl
 *(.stab.excl)

.stab.exclstr
 *(.stab.exclstr)

.stab.index
 *(.stab.index)

.stab.indexstr
 *(.stab.indexstr)

.comment
 *(.comment)

.debug
 *(.debug)

.line
 *(.line)

.debug_srcinfo
 *(.debug_srcinfo)

.debug_sfnames
 *(.debug_sfnames)

.debug_aranges
 *(.debug_aranges)

.debug_pubnames
 *(.debug_pubnames)

.debug_info
 *(.debug_info)
 *(.gnu.linkonce.wi.*)

.debug_abbrev
 *(.debug_abbrev)

.debug_line
 *(.debug_line)

.debug_frame
 *(.debug_frame)

.debug_str
 *(.debug_str)

.debug_loc
 *(.debug_loc)

.debug_macinfo
 *(.debug_macinfo)
OUTPUT(EXTINT.elf elf32-avr)
LOAD linker stubs
